<?xml version="1.0" encoding="UTF-8"?>
<TestRun id="8d66baa0-0337-4213-a14e-cf5887838206" name="Gustavo@GUSTAVO-NOTE 2013-02-28 22:26:39" runUser="Gustavo-Note\Gustavo" xmlns="http://microsoft.com/schemas/VisualStudio/TeamTest/2010">
  <TestSettings name="Local" id="fec501d8-e947-41ff-8e2c-7c9374fba82e">
    <Description>These are default test settings for a local test run.</Description>
    <Deployment enabled="false" runDeploymentRoot="Gustavo_GUSTAVO-NOTE 2013-02-28 22_26_39">
      <DeploymentItem filename="D:\ProjetosASPNet\Ecommerce\Ecommerce.Common\bin\Debug\Ecommerce.Common.dll" />
      <DeploymentItem filename="D:\ProjetosASPNet\Ecommerce\Ecommerce.Database\bin\Debug\Ecommerce.Database.dll" />
      <DeploymentItem filename="D:\ProjetosASPNet\Ecommerce\Ecommerce.Business\bin\Debug\Ecommerce.Business.dll" />
    </Deployment>
    <Execution>
      <TestTypeSpecific />
      <AgentRule name="Execution Agents">
      </AgentRule>
    </Execution>
  </TestSettings>
  <Times creation="2013-02-28T22:26:39.6260330-03:00" queuing="2013-02-28T22:26:40.4030775-03:00" start="2013-02-28T22:26:40.5490858-03:00" finish="2013-02-28T22:26:47.1624641-03:00" />
  <ResultSummary outcome="Completed">
    <Counters total="2" executed="2" passed="2" error="0" failed="0" timeout="0" aborted="0" inconclusive="0" passedButRunAborted="0" notRunnable="0" notExecuted="0" disconnected="0" warning="0" completed="0" inProgress="0" pending="0" />
  </ResultSummary>
  <TestDefinitions>
    <UnitTest name="ListarUsuariosTest" storage="d:\projetosaspnet\ecommerce\businessunittest\bin\debug\businessunittest.dll" id="fe0d0762-543e-2d8b-9eae-769d88622431">
      <Execution id="4b90473f-0293-4785-b99c-23e6c82836c0" />
      <TestMethod codeBase="D:/ProjetosASPNet/Ecommerce/BusinessUnitTest/bin/Debug/BusinessUnitTest.DLL" adapterTypeName="Microsoft.VisualStudio.TestTools.TestTypes.Unit.UnitTestAdapter, Microsoft.VisualStudio.QualityTools.Tips.UnitTest.Adapter, Version=10.0.0.0, Culture=neutral, PublicKeyToken=b03f5f7f11d50a3a" className="BusinessUnitTest.UsuarioBusinessTest, BusinessUnitTest, Version=1.0.0.0, Culture=neutral, PublicKeyToken=null" name="ListarUsuariosTest" />
    </UnitTest>
    <UnitTest name="UsuarioBusinessConstructorTest" storage="d:\projetosaspnet\ecommerce\businessunittest\bin\debug\businessunittest.dll" id="65e72eb7-bf95-07e6-ed9b-7fe78c2a40ff">
      <Execution id="aa497287-cda1-4e37-81ed-6c6cbc2c6913" />
      <TestMethod codeBase="D:/ProjetosASPNet/Ecommerce/BusinessUnitTest/bin/Debug/BusinessUnitTest.DLL" adapterTypeName="Microsoft.VisualStudio.TestTools.TestTypes.Unit.UnitTestAdapter, Microsoft.VisualStudio.QualityTools.Tips.UnitTest.Adapter, Version=10.0.0.0, Culture=neutral, PublicKeyToken=b03f5f7f11d50a3a" className="BusinessUnitTest.UsuarioBusinessTest, BusinessUnitTest, Version=1.0.0.0, Culture=neutral, PublicKeyToken=null" name="UsuarioBusinessConstructorTest" />
    </UnitTest>
  </TestDefinitions>
  <TestLists>
    <TestList name="Results Not in a List" id="8c84fa94-04c1-424b-9868-57a2d4851a1d" />
    <TestList name="All Loaded Results" id="19431567-8539-422a-85d7-44ee4e166bda" />
  </TestLists>
  <TestEntries>
    <TestEntry testId="65e72eb7-bf95-07e6-ed9b-7fe78c2a40ff" executionId="aa497287-cda1-4e37-81ed-6c6cbc2c6913" testListId="8c84fa94-04c1-424b-9868-57a2d4851a1d" />
    <TestEntry testId="fe0d0762-543e-2d8b-9eae-769d88622431" executionId="4b90473f-0293-4785-b99c-23e6c82836c0" testListId="8c84fa94-04c1-424b-9868-57a2d4851a1d" />
  </TestEntries>
  <Results>
    <UnitTestResult executionId="aa497287-cda1-4e37-81ed-6c6cbc2c6913" testId="65e72eb7-bf95-07e6-ed9b-7fe78c2a40ff" testName="UsuarioBusinessConstructorTest" computerName="GUSTAVO-NOTE" duration="00:00:00.7277298" startTime="2013-02-28T22:26:40.6750930-03:00" endTime="2013-02-28T22:26:42.0451714-03:00" testType="13cdc9d9-ddb5-4fa4-a97d-d965ccfc6d4b" outcome="Passed" testListId="8c84fa94-04c1-424b-9868-57a2d4851a1d" relativeResultsDirectory="aa497287-cda1-4e37-81ed-6c6cbc2c6913">
    </UnitTestResult>
    <UnitTestResult executionId="4b90473f-0293-4785-b99c-23e6c82836c0" testId="fe0d0762-543e-2d8b-9eae-769d88622431" testName="ListarUsuariosTest" computerName="GUSTAVO-NOTE" duration="00:00:03.4089957" startTime="2013-02-28T22:26:42.0601723-03:00" endTime="2013-02-28T22:26:45.4963688-03:00" testType="13cdc9d9-ddb5-4fa4-a97d-d965ccfc6d4b" outcome="Passed" testListId="8c84fa94-04c1-424b-9868-57a2d4851a1d" relativeResultsDirectory="4b90473f-0293-4785-b99c-23e6c82836c0">
    </UnitTestResult>
  </Results>
</TestRun>